
> frontend@0.0.0 build
> tsc -b && vite build

src/App.tsx(12,7): error TS6133: 'PlaceholderPage' is declared but its value is never read.
src/components/UploadModule.tsx(9,5): error TS6133: 'type' is declared but its value is never read.
src/pages/DashboardPage.tsx(1,8): error TS6133: 'React' is declared but its value is never read.
src/pages/DashboardPage.tsx(3,10): error TS6133: 'BarChart' is declared but its value is never read.
src/pages/DashboardPage.tsx(3,20): error TS6133: 'Bar' is declared but its value is never read.
src/pages/DashboardPage.tsx(3,84): error TS6133: 'LineChart' is declared but its value is never read.
src/pages/DashboardPage.tsx(3,95): error TS6133: 'Line' is declared but its value is never read.
src/pages/LeadsPage.tsx(1,8): error TS6133: 'React' is declared but its value is never read.
src/pages/LeadsPage.tsx(184,75): error TS6133: 'entry' is declared but its value is never read.
src/pages/SpendPage.tsx(3,22): error TS6133: 'TrendingUp' is declared but its value is never read.
src/pages/SpendPage.tsx(3,72): error TS6133: 'FileText' is declared but its value is never read.
src/pages/SpendPage.tsx(280,84): error TS6133: 'e' is declared but its value is never read.
src/pages/SpendPage.tsx(335,157): error TS2304: Cannot find name 'Bot'.
src/pages/UploadPage.tsx(1,1): error TS6133: 'React' is declared but its value is never read.
