src/App.tsx(3,18): error TS6133: 'Home' is declared but its value is never read.
src/App.tsx(231,7): error TS6133: 'UnderConstruction' is declared but its value is never read.
src/App.tsx(244,9): error TS6133: 'isRootPath' is declared but its value is never read.
src/pages/PerformanceRadarPage.tsx(1,8): error TS6133: 'React' is declared but its value is never read.
src/pages/PerformanceRadarPage.tsx(34,20): error TS6133: 'err' is declared but its value is never read.
src/pages/TalentScreeningPage.tsx(1,8): error TS6133: 'React' is declared but its value is never read.
